------------------------------------------------------------
TimeQuest Timing Analyzer Summary
------------------------------------------------------------

Type  : Slow 1000mV 85C Model Setup 'frequencies_2ms:inst17|y'
Slack : -5.179
TNS   : -232.114

Type  : Slow 1000mV 85C Model Setup 'clk'
Slack : -4.978
TNS   : -742.605

Type  : Slow 1000mV 85C Model Setup 'speaker:inst7|clk_s'
Slack : -3.592
TNS   : -33.089

Type  : Slow 1000mV 85C Model Setup 'frequencies_5us:inst|y'
Slack : -2.549
TNS   : -125.738

Type  : Slow 1000mV 85C Model Setup 'display:inst5|clk2'
Slack : -0.882
TNS   : -5.502

Type  : Slow 1000mV 85C Model Hold 'clk'
Slack : -0.470
TNS   : -1.463

Type  : Slow 1000mV 85C Model Hold 'speaker:inst7|clk_s'
Slack : 0.147
TNS   : 0.000

Type  : Slow 1000mV 85C Model Hold 'display:inst5|clk2'
Slack : 0.302
TNS   : 0.000

Type  : Slow 1000mV 85C Model Hold 'frequencies_5us:inst|y'
Slack : 0.497
TNS   : 0.000

Type  : Slow 1000mV 85C Model Hold 'frequencies_2ms:inst17|y'
Slack : 0.512
TNS   : 0.000

Type  : Slow 1000mV 85C Model Minimum Pulse Width 'clk'
Slack : -3.000
TNS   : -537.189

Type  : Slow 1000mV 85C Model Minimum Pulse Width 'frequencies_5us:inst|y'
Slack : -1.763
TNS   : -105.780

Type  : Slow 1000mV 85C Model Minimum Pulse Width 'frequencies_2ms:inst17|y'
Slack : -1.763
TNS   : -84.624

Type  : Slow 1000mV 85C Model Minimum Pulse Width 'speaker:inst7|clk_s'
Slack : -1.763
TNS   : -31.734

Type  : Slow 1000mV 85C Model Minimum Pulse Width 'display:inst5|clk2'
Slack : -1.763
TNS   : -17.630

Type  : Slow 1000mV 0C Model Setup 'frequencies_2ms:inst17|y'
Slack : -4.989
TNS   : -222.639

Type  : Slow 1000mV 0C Model Setup 'clk'
Slack : -4.794
TNS   : -702.566

Type  : Slow 1000mV 0C Model Setup 'speaker:inst7|clk_s'
Slack : -3.429
TNS   : -31.771

Type  : Slow 1000mV 0C Model Setup 'frequencies_5us:inst|y'
Slack : -2.436
TNS   : -121.285

Type  : Slow 1000mV 0C Model Setup 'display:inst5|clk2'
Slack : -0.808
TNS   : -5.154

Type  : Slow 1000mV 0C Model Hold 'clk'
Slack : -0.479
TNS   : -1.513

Type  : Slow 1000mV 0C Model Hold 'speaker:inst7|clk_s'
Slack : 0.182
TNS   : 0.000

Type  : Slow 1000mV 0C Model Hold 'display:inst5|clk2'
Slack : 0.331
TNS   : 0.000

Type  : Slow 1000mV 0C Model Hold 'frequencies_5us:inst|y'
Slack : 0.476
TNS   : 0.000

Type  : Slow 1000mV 0C Model Hold 'frequencies_2ms:inst17|y'
Slack : 0.494
TNS   : 0.000

Type  : Slow 1000mV 0C Model Minimum Pulse Width 'clk'
Slack : -3.000
TNS   : -537.189

Type  : Slow 1000mV 0C Model Minimum Pulse Width 'frequencies_5us:inst|y'
Slack : -1.763
TNS   : -105.780

Type  : Slow 1000mV 0C Model Minimum Pulse Width 'frequencies_2ms:inst17|y'
Slack : -1.763
TNS   : -84.624

Type  : Slow 1000mV 0C Model Minimum Pulse Width 'speaker:inst7|clk_s'
Slack : -1.763
TNS   : -31.734

Type  : Slow 1000mV 0C Model Minimum Pulse Width 'display:inst5|clk2'
Slack : -1.763
TNS   : -17.630

Type  : Fast 1000mV 0C Model Setup 'frequencies_2ms:inst17|y'
Slack : -2.418
TNS   : -108.140

Type  : Fast 1000mV 0C Model Setup 'clk'
Slack : -2.383
TNS   : -286.730

Type  : Fast 1000mV 0C Model Setup 'speaker:inst7|clk_s'
Slack : -1.606
TNS   : -11.459

Type  : Fast 1000mV 0C Model Setup 'frequencies_5us:inst|y'
Slack : -0.995
TNS   : -44.021

Type  : Fast 1000mV 0C Model Setup 'display:inst5|clk2'
Slack : -0.066
TNS   : -0.131

Type  : Fast 1000mV 0C Model Hold 'clk'
Slack : -0.277
TNS   : -0.872

Type  : Fast 1000mV 0C Model Hold 'speaker:inst7|clk_s'
Slack : -0.066
TNS   : -0.193

Type  : Fast 1000mV 0C Model Hold 'display:inst5|clk2'
Slack : 0.018
TNS   : 0.000

Type  : Fast 1000mV 0C Model Hold 'frequencies_5us:inst|y'
Slack : 0.261
TNS   : 0.000

Type  : Fast 1000mV 0C Model Hold 'frequencies_2ms:inst17|y'
Slack : 0.266
TNS   : 0.000

Type  : Fast 1000mV 0C Model Minimum Pulse Width 'clk'
Slack : -3.000
TNS   : -552.223

Type  : Fast 1000mV 0C Model Minimum Pulse Width 'frequencies_5us:inst|y'
Slack : -1.763
TNS   : -105.780

Type  : Fast 1000mV 0C Model Minimum Pulse Width 'frequencies_2ms:inst17|y'
Slack : -1.763
TNS   : -84.624

Type  : Fast 1000mV 0C Model Minimum Pulse Width 'speaker:inst7|clk_s'
Slack : -1.763
TNS   : -31.734

Type  : Fast 1000mV 0C Model Minimum Pulse Width 'display:inst5|clk2'
Slack : -1.763
TNS   : -17.630

------------------------------------------------------------
